{
  "cases": {
    "M1_P1": {
      "checks": [
        {
          "checks": {
            "layer0/new_k": {
              "all_elements_written": true,
              "allclose_1e-3_1e-3": true,
              "max_absolute_error": 1.6689300537109375e-06
            },
            "layer0/new_v": {
              "all_elements_written": true,
              "allclose_1e-3_1e-3": true,
              "max_absolute_error": 2.384185791015625e-06
            },
            "layer1/new_k": {
              "all_elements_written": true,
              "allclose_1e-3_1e-3": true,
              "max_absolute_error": 2.1457672119140625e-06
            },
            "layer1/new_v": {
              "all_elements_written": true,
              "allclose_1e-3_1e-3": true,
              "max_absolute_error": 2.1457672119140625e-06
            },
            "layer2/new_k": {
              "all_elements_written": true,
              "allclose_1e-3_1e-3": true,
              "max_absolute_error": 2.0265579223632812e-06
            },
            "layer2/new_v": {
              "all_elements_written": true,
              "allclose_1e-3_1e-3": true,
              "max_absolute_error": 1.9073486328125e-06
            },
            "output/hidden": {
              "all_elements_written": true,
              "allclose_1e-3_1e-3": true,
              "max_absolute_error": 2.5407107906438853e-06
            }
          },
          "passed": true,
          "seed_sha256": "a7875cb40ba71741516c7f8ebc020dc9b54d776efda8f4ddc8f5f5291ad35592"
        }
      ],
      "elapsed_seconds": 36.89866936699991,
      "hbm_races_validated": true,
      "passed": true
    },
    "M2_D1": {
      "checks": [
        {
          "checks": {
            "layer0/new_k": {
              "all_elements_written": true,
              "allclose_1e-3_1e-3": true,
              "max_absolute_error": 9.5367431640625e-07
            },
            "layer0/new_v": {
              "all_elements_written": true,
              "allclose_1e-3_1e-3": true,
              "max_absolute_error": 9.5367431640625e-07
            },
            "layer1/new_k": {
              "all_elements_written": true,
              "allclose_1e-3_1e-3": true,
              "max_absolute_error": 9.5367431640625e-07
            },
            "layer1/new_v": {
              "all_elements_written": true,
              "allclose_1e-3_1e-3": true,
              "max_absolute_error": 1.6689300537109375e-06
            },
            "output/hidden": {
              "all_elements_written": true,
              "allclose_1e-3_1e-3": true,
              "max_absolute_error": 1.2979150713077203e-06
            }
          },
          "passed": true,
          "seed_sha256": "a7875cb40ba71741516c7f8ebc020dc9b54d776efda8f4ddc8f5f5291ad35592"
        }
      ],
      "elapsed_seconds": 4.180236397000044,
      "hbm_races_validated": true,
      "passed": true
    }
  },
  "kind": "functional-only-v1",
  "passed": true,
  "race_only": false
}
