{
  "cases": {
    "M1_P1": {
      "checks": [
        {
          "checks": {
            "layer0/new_k": {
              "all_elements_written": true,
              "allclose_1e-3_1e-3": true,
              "max_absolute_error": 1.6689300537109375e-06
            },
            "layer0/new_v": {
              "all_elements_written": true,
              "allclose_1e-3_1e-3": true,
              "max_absolute_error": 1.6689300537109375e-06
            },
            "layer1/new_k": {
              "all_elements_written": true,
              "allclose_1e-3_1e-3": true,
              "max_absolute_error": 2.384185791015625e-06
            },
            "layer1/new_v": {
              "all_elements_written": true,
              "allclose_1e-3_1e-3": true,
              "max_absolute_error": 1.9073486328125e-06
            },
            "layer2/new_k": {
              "all_elements_written": true,
              "allclose_1e-3_1e-3": true,
              "max_absolute_error": 2.2649765014648438e-06
            },
            "layer2/new_v": {
              "all_elements_written": true,
              "allclose_1e-3_1e-3": true,
              "max_absolute_error": 1.9073486328125e-06
            },
            "output/hidden": {
              "all_elements_written": true,
              "allclose_1e-3_1e-3": true,
              "max_absolute_error": 2.618358047712377e-06
            }
          },
          "passed": true,
          "seed_sha256": "b465a7466dca949603f2187d66e647fa2b95f7e27bf2f5fc497059de598f32eb"
        }
      ],
      "elapsed_seconds": 48.56840206700144,
      "hbm_races_validated": true,
      "passed": true
    },
    "M2_D1": {
      "checks": [
        {
          "checks": {
            "layer0/new_k": {
              "all_elements_written": true,
              "allclose_1e-3_1e-3": true,
              "max_absolute_error": 5.960464477539062e-07
            },
            "layer0/new_v": {
              "all_elements_written": true,
              "allclose_1e-3_1e-3": true,
              "max_absolute_error": 4.76837158203125e-07
            },
            "layer1/new_k": {
              "all_elements_written": true,
              "allclose_1e-3_1e-3": true,
              "max_absolute_error": 7.152557373046875e-07
            },
            "layer1/new_v": {
              "all_elements_written": true,
              "allclose_1e-3_1e-3": true,
              "max_absolute_error": 7.152557373046875e-07
            },
            "output/hidden": {
              "all_elements_written": true,
              "allclose_1e-3_1e-3": true,
              "max_absolute_error": 6.764658246893873e-07
            }
          },
          "passed": true,
          "seed_sha256": "b465a7466dca949603f2187d66e647fa2b95f7e27bf2f5fc497059de598f32eb"
        }
      ],
      "elapsed_seconds": 6.648092538991477,
      "hbm_races_validated": true,
      "passed": true
    }
  },
  "kind": "functional-only-v1",
  "passed": true,
  "race_only": false
}
