{
  "area_mm2": 23.966565304320003,
  "cases": {
    "M1_P1": {
      "calibration_factor": 1.1262847170652013,
      "calibration_profile": {
        "exact_cycles": 303331,
        "raw_bottleneck": "shared:hbm_channel_3_gross",
        "raw_cycles": 269320
      },
      "central_cycles": 303331,
      "conservative_cycles": 333665,
      "estimated_hbm_read_misses": 975024,
      "estimated_peak_power_w": 26.917618192564422,
      "profile": {
        "dynamic_energy_pj": 624208052.0956405,
        "hbm_read_line_requests": 975024,
        "hbm_write_line_requests": 102112,
        "instruction_count": 111366,
        "opcode_counts": {
          "BARRIER": 233,
          "LD": 25836,
          "MMA.ACC": 43200,
          "REDUCE": 4728,
          "SFU": 1692,
          "ST": 6964,
          "STEP.COMMIT": 1,
          "VEC": 27816,
          "WAIT": 768,
          "WG.BEGIN": 64,
          "WG.END": 64
        },
        "raw_bottleneck": "shared:hbm_channel_3_gross",
        "raw_cycles": 269320,
        "shared_demands": {
          "hbm_channel_0_gross": 269320,
          "hbm_channel_1_gross": 269320,
          "hbm_channel_2_gross": 269320,
          "hbm_channel_3_gross": 269320,
          "hbm_channel_4_gross": 269248,
          "hbm_channel_5_gross": 269248,
          "hbm_channel_6_gross": 269248,
          "hbm_channel_7_gross": 269248,
          "noc_line_slices": 1077136,
          "noc_multicast_line_slices": 543578,
          "synchronization_points": 1002
        },
        "sm_demands": {
          "0": {
            "dma": 68134,
            "issue": 6885,
            "noc_in": 61656,
            "noc_out": 6478,
            "reduce": 4338,
            "rf_read": 148978,
            "rf_write": 108270,
            "sfu": 7890,
            "tc": 89610,
            "vec": 25836
          },
          "1": {
            "dma": 68902,
            "issue": 7137,
            "noc_in": 62424,
            "noc_out": 6478,
            "reduce": 5100,
            "rf_read": 153034,
            "rf_write": 112110,
            "sfu": 9426,
            "tc": 91818,
            "vec": 27660
          },
          "10": {
            "dma": 66028,
            "issue": 6708,
            "noc_in": 59670,
            "noc_out": 6358,
            "reduce": 4026,
            "rf_read": 147454,
            "rf_write": 105648,
            "sfu": 7854,
            "tc": 88770,
            "vec": 25104
          },
          "11": {
            "dma": 66796,
            "issue": 6960,
            "noc_in": 60438,
            "noc_out": 6358,
            "reduce": 4788,
            "rf_read": 151510,
            "rf_write": 109488,
            "sfu": 9390,
            "tc": 90978,
            "vec": 26928
          },
          "12": {
            "dma": 66028,
            "issue": 6708,
            "noc_in": 59670,
            "noc_out": 6358,
            "reduce": 4026,
            "rf_read": 147454,
            "rf_write": 105648,
            "sfu": 7854,
            "tc": 88770,
            "vec": 25104
          },
          "13": {
            "dma": 66796,
            "issue": 6960,
            "noc_in": 60438,
            "noc_out": 6358,
            "reduce": 4788,
            "rf_read": 151510,
            "rf_write": 109488,
            "sfu": 9390,
            "tc": 90978,
            "vec": 26928
          },
          "14": {
            "dma": 66028,
            "issue": 6708,
            "noc_in": 59670,
            "noc_out": 6358,
            "reduce": 4026,
            "rf_read": 147454,
            "rf_write": 105648,
            "sfu": 7854,
            "tc": 88770,
            "vec": 25104
          },
          "15": {
            "dma": 66796,
            "issue": 6960,
            "noc_in": 60438,
            "noc_out": 6358,
            "reduce": 4788,
            "rf_read": 151510,
            "rf_write": 109488,
            "sfu": 9390,
            "tc": 90978,
            "vec": 26928
          },
          "2": {
            "dma": 67750,
            "issue": 6795,
            "noc_in": 61368,
            "noc_out": 6382,
            "reduce": 4026,
            "rf_read": 148414,
            "rf_write": 107466,
            "sfu": 7854,
            "tc": 89610,
            "vec": 25242
          },
          "3": {
            "dma": 68518,
            "issue": 7047,
            "noc_in": 62136,
            "noc_out": 6382,
            "reduce": 4788,
            "rf_read": 152470,
            "rf_write": 111306,
            "sfu": 9390,
            "tc": 91818,
            "vec": 27066
          },
          "4": {
            "dma": 67750,
            "issue": 6795,
            "noc_in": 61368,
            "noc_out": 6382,
            "reduce": 4026,
            "rf_read": 148414,
            "rf_write": 107466,
            "sfu": 7854,
            "tc": 89610,
            "vec": 25242
          },
          "5": {
            "dma": 68518,
            "issue": 7095,
            "noc_in": 62136,
            "noc_out": 6382,
            "reduce": 4788,
            "rf_read": 152470,
            "rf_write": 111306,
            "sfu": 9390,
            "tc": 91818,
            "vec": 27066
          },
          "6": {
            "dma": 67750,
            "issue": 6843,
            "noc_in": 61368,
            "noc_out": 6382,
            "reduce": 4026,
            "rf_read": 148414,
            "rf_write": 107466,
            "sfu": 7854,
            "tc": 89610,
            "vec": 25242
          },
          "7": {
            "dma": 68518,
            "issue": 7095,
            "noc_in": 62136,
            "noc_out": 6382,
            "reduce": 4788,
            "rf_read": 152470,
            "rf_write": 111306,
            "sfu": 9390,
            "tc": 91818,
            "vec": 27066
          },
          "8": {
            "dma": 66028,
            "issue": 6708,
            "noc_in": 59670,
            "noc_out": 6358,
            "reduce": 4026,
            "rf_read": 147454,
            "rf_write": 105648,
            "sfu": 7854,
            "tc": 88770,
            "vec": 25104
          },
          "9": {
            "dma": 66796,
            "issue": 6960,
            "noc_in": 60438,
            "noc_out": 6358,
            "reduce": 4788,
            "rf_read": 151510,
            "rf_write": 109488,
            "sfu": 9390,
            "tc": 90978,
            "vec": 26928
          }
        }
      }
    },
    "M2_D1": {
      "calibration_factor": 2.24236798679868,
      "calibration_profile": {
        "exact_cycles": 32613,
        "raw_bottleneck": "shared:hbm_channel_0_gross",
        "raw_cycles": 14544
      },
      "central_cycles": 35376,
      "conservative_cycles": 38914,
      "estimated_hbm_read_misses": 55136,
      "estimated_peak_power_w": 22.177413807159155,
      "profile": {
        "dynamic_energy_pj": 51006745.34398547,
        "hbm_read_line_requests": 55136,
        "hbm_write_line_requests": 7168,
        "instruction_count": 39322,
        "opcode_counts": {
          "BARRIER": 642,
          "LD": 4704,
          "MMA.ACC": 4736,
          "REDUCE": 3328,
          "SFU": 2176,
          "ST": 2816,
          "STEP.COMMIT": 8,
          "VEC": 20192,
          "WAIT": 624,
          "WG.BEGIN": 48,
          "WG.END": 48
        },
        "raw_bottleneck": "shared:hbm_channel_0_gross",
        "raw_cycles": 15776,
        "shared_demands": {
          "hbm_channel_0_gross": 15776,
          "hbm_channel_1_gross": 15648,
          "hbm_channel_2_gross": 15520,
          "hbm_channel_3_gross": 15392,
          "hbm_channel_4_gross": 15760,
          "hbm_channel_5_gross": 15632,
          "hbm_channel_6_gross": 15504,
          "hbm_channel_7_gross": 15376,
          "noc_line_slices": 62304,
          "noc_multicast_line_slices": 45651,
          "synchronization_points": 1274
        },
        "sm_demands": {
          "0": {
            "dma": 3910,
            "issue": 2278,
            "noc_in": 3470,
            "noc_out": 440,
            "reduce": 2336,
            "rf_read": 10604,
            "rf_write": 6454,
            "sfu": 832,
            "tc": 8288,
            "vec": 4648
          },
          "1": {
            "dma": 4022,
            "issue": 2518,
            "noc_in": 3566,
            "noc_out": 456,
            "reduce": 2816,
            "rf_read": 12120,
            "rf_write": 6990,
            "sfu": 864,
            "tc": 8976,
            "vec": 5440
          },
          "10": {
            "dma": 4022,
            "issue": 2518,
            "noc_in": 3566,
            "noc_out": 456,
            "reduce": 2816,
            "rf_read": 12120,
            "rf_write": 6990,
            "sfu": 864,
            "tc": 8976,
            "vec": 5440
          },
          "11": {
            "dma": 4022,
            "issue": 2518,
            "noc_in": 3566,
            "noc_out": 456,
            "reduce": 2816,
            "rf_read": 12120,
            "rf_write": 6990,
            "sfu": 864,
            "tc": 8976,
            "vec": 5440
          },
          "12": {
            "dma": 3910,
            "issue": 2278,
            "noc_in": 3470,
            "noc_out": 440,
            "reduce": 2336,
            "rf_read": 10604,
            "rf_write": 6454,
            "sfu": 832,
            "tc": 8288,
            "vec": 4648
          },
          "13": {
            "dma": 3622,
            "issue": 2198,
            "noc_in": 3182,
            "noc_out": 440,
            "reduce": 2272,
            "rf_read": 10380,
            "rf_write": 6054,
            "sfu": 768,
            "tc": 7856,
            "vec": 4568
          },
          "14": {
            "dma": 3622,
            "issue": 2198,
            "noc_in": 3182,
            "noc_out": 440,
            "reduce": 2272,
            "rf_read": 10380,
            "rf_write": 6054,
            "sfu": 768,
            "tc": 7856,
            "vec": 4568
          },
          "15": {
            "dma": 3622,
            "issue": 2198,
            "noc_in": 3182,
            "noc_out": 440,
            "reduce": 2272,
            "rf_read": 10380,
            "rf_write": 6054,
            "sfu": 768,
            "tc": 7856,
            "vec": 4568
          },
          "2": {
            "dma": 3622,
            "issue": 2198,
            "noc_in": 3182,
            "noc_out": 440,
            "reduce": 2272,
            "rf_read": 10380,
            "rf_write": 6054,
            "sfu": 768,
            "tc": 7856,
            "vec": 4568
          },
          "3": {
            "dma": 3622,
            "issue": 2198,
            "noc_in": 3182,
            "noc_out": 440,
            "reduce": 2272,
            "rf_read": 10380,
            "rf_write": 6054,
            "sfu": 768,
            "tc": 7856,
            "vec": 4568
          },
          "4": {
            "dma": 4310,
            "issue": 2598,
            "noc_in": 3854,
            "noc_out": 456,
            "reduce": 2880,
            "rf_read": 12344,
            "rf_write": 7390,
            "sfu": 928,
            "tc": 9408,
            "vec": 5520
          },
          "5": {
            "dma": 4022,
            "issue": 2518,
            "noc_in": 3566,
            "noc_out": 456,
            "reduce": 2816,
            "rf_read": 12120,
            "rf_write": 6990,
            "sfu": 864,
            "tc": 8976,
            "vec": 5440
          },
          "6": {
            "dma": 4022,
            "issue": 2518,
            "noc_in": 3566,
            "noc_out": 456,
            "reduce": 2816,
            "rf_read": 12120,
            "rf_write": 6990,
            "sfu": 864,
            "tc": 8976,
            "vec": 5440
          },
          "7": {
            "dma": 4022,
            "issue": 2518,
            "noc_in": 3566,
            "noc_out": 456,
            "reduce": 2816,
            "rf_read": 12120,
            "rf_write": 6990,
            "sfu": 864,
            "tc": 8976,
            "vec": 5440
          },
          "8": {
            "dma": 3910,
            "issue": 2278,
            "noc_in": 3470,
            "noc_out": 440,
            "reduce": 2336,
            "rf_read": 10604,
            "rf_write": 6454,
            "sfu": 832,
            "tc": 8288,
            "vec": 4648
          },
          "9": {
            "dma": 4022,
            "issue": 2518,
            "noc_in": 3566,
            "noc_out": 456,
            "reduce": 2816,
            "rf_read": 12120,
            "rf_write": 6990,
            "sfu": 864,
            "tc": 8976,
            "vec": 5440
          }
        }
      }
    }
  },
  "central_score": 61327.86763675828,
  "conservative_score": 55752.24520823465,
  "gate_checks": {
    "area_at_most_gate": true,
    "calibration_provenance_matches": true,
    "conservative_score_at_least_target": false,
    "estimated_peak_power_at_most_gate": false
  },
  "kind": "calibrated-static-screen-v1",
  "passes_all_gates": false,
  "settings": {
    "area_gate_mm2": 24.0,
    "power_gate_w": 20.0,
    "target_score": 80000.0,
    "uncertainty": 0.1
  },
  "static_provenance": {
    "hardware": {
      "cache_mib": 0,
      "dma_depth": 2,
      "dma_engines": 2,
      "hbm_channels": 8,
      "multicast": true,
      "noc_bytes_per_cycle": 512,
      "reduction_units": 1,
      "rf_ports": "8R4W",
      "sfu_lanes": 16,
      "shared_kib": 0,
      "sm_count": 16,
      "sm_noc_bytes_per_cycle": 128,
      "tc_array": "8x16",
      "tc_count": 1,
      "tc_k_parallel": 2,
      "vector_lanes": 16,
      "version": "challenge-hardware-v0.4"
    },
    "program_sha256": {
      "M1_P1": "a6461e8417b288d521aeeb88ae7b0c68db48df1e96f92bf9ec8c845ad0561109",
      "M2_D1": "442839a2bfc48b105bc5ed6c9e4650f92d08385b12317e51e0444b2ae244360e"
    }
  },
  "warning": "Screening model only; official estimate/grade remains authoritative."
}
