{
  "cases": {
    "M1_P1": {
      "checks": [
        {
          "checks": {
            "layer0/new_k": {
              "all_elements_written": true,
              "allclose_1e-3_1e-3": true,
              "max_absolute_error": 1.6689300537109375e-06
            },
            "layer0/new_v": {
              "all_elements_written": true,
              "allclose_1e-3_1e-3": true,
              "max_absolute_error": 2.384185791015625e-06
            },
            "layer1/new_k": {
              "all_elements_written": true,
              "allclose_1e-3_1e-3": true,
              "max_absolute_error": 1.9073486328125e-06
            },
            "layer1/new_v": {
              "all_elements_written": true,
              "allclose_1e-3_1e-3": true,
              "max_absolute_error": 2.384185791015625e-06
            },
            "layer2/new_k": {
              "all_elements_written": true,
              "allclose_1e-3_1e-3": true,
              "max_absolute_error": 2.0265579223632812e-06
            },
            "layer2/new_v": {
              "all_elements_written": true,
              "allclose_1e-3_1e-3": true,
              "max_absolute_error": 1.9073486328125e-06
            },
            "output/hidden": {
              "all_elements_written": true,
              "allclose_1e-3_1e-3": true,
              "max_absolute_error": 2.8920149754974034e-06
            }
          },
          "passed": true,
          "seed_sha256": "a7875cb40ba71741516c7f8ebc020dc9b54d776efda8f4ddc8f5f5291ad35592"
        }
      ],
      "elapsed_seconds": 42.43146909301868,
      "hbm_races_validated": true,
      "passed": true
    }
  },
  "kind": "functional-only-v1",
  "passed": true,
  "race_only": false
}
